[0.078s] DEBUG:colcon:Command line arguments: ['/usr/bin/colcon', 'build']
[0.078s] DEBUG:colcon:Parsed command line arguments: Namespace(log_base=None, log_level=None, verb_name='build', build_base='build', install_base='install', merge_install=False, symlink_install=False, test_result_base=None, continue_on_error=False, executor='parallel', parallel_workers=12, event_handlers=None, ignore_user_meta=False, metas=['./colcon.meta'], base_paths=['.'], packages_ignore=None, packages_ignore_regex=None, paths=None, packages_up_to=None, packages_up_to_regex=None, packages_above=None, packages_above_and_dependencies=None, packages_above_depth=None, packages_select_by_dep=None, packages_skip_by_dep=None, packages_skip_up_to=None, packages_select_build_failed=False, packages_skip_build_finished=False, packages_select_test_failures=False, packages_skip_test_passed=False, packages_select=None, packages_skip=None, packages_select_regex=None, packages_skip_regex=None, packages_start=None, packages_end=None, cmake_args=None, cmake_target=None, cmake_target_skip_unavailable=False, cmake_clean_cache=False, cmake_clean_first=False, cmake_force_configure=False, ament_cmake_args=None, catkin_cmake_args=None, catkin_skip_building_tests=False, mixin_files=None, mixin=None, verb_parser=<colcon_mixin.mixin.mixin_argument.MixinArgumentDecorator object at 0x780494255010>, verb_extension=<colcon_core.verb.build.BuildVerb object at 0x780494254d40>, main=<bound method BuildVerb.main of <colcon_core.verb.build.BuildVerb object at 0x780494254d40>>, mixin_verb=('build',))
[0.109s] Level 1:colcon.colcon_core.package_discovery:discover_packages(colcon_meta) check parameters
[0.109s] Level 1:colcon.colcon_core.package_discovery:discover_packages(recursive) check parameters
[0.109s] Level 1:colcon.colcon_core.package_discovery:discover_packages(ignore) check parameters
[0.109s] Level 1:colcon.colcon_core.package_discovery:discover_packages(path) check parameters
[0.109s] Level 1:colcon.colcon_core.package_discovery:discover_packages(colcon_meta) discover
[0.109s] Level 1:colcon.colcon_core.package_discovery:discover_packages(recursive) discover
[0.109s] INFO:colcon.colcon_core.package_discovery:Crawling recursively for packages in '/home/dtc/ws/ros2tak'
[0.109s] Level 1:colcon.colcon_core.package_identification:_identify(.) by extensions ['ignore', 'ignore_ament_install']
[0.110s] Level 1:colcon.colcon_core.package_identification:_identify(.) by extension 'ignore'
[0.110s] Level 1:colcon.colcon_core.package_identification:_identify(.) by extension 'ignore_ament_install'
[0.110s] Level 1:colcon.colcon_core.package_identification:_identify(.) by extensions ['colcon_pkg']
[0.110s] Level 1:colcon.colcon_core.package_identification:_identify(.) by extension 'colcon_pkg'
[0.110s] Level 1:colcon.colcon_core.package_identification:_identify(.) by extensions ['colcon_meta']
[0.110s] Level 1:colcon.colcon_core.package_identification:_identify(.) by extension 'colcon_meta'
[0.110s] Level 1:colcon.colcon_core.package_identification:_identify(.) by extensions ['ros']
[0.110s] Level 1:colcon.colcon_core.package_identification:_identify(.) by extension 'ros'
[0.129s] DEBUG:colcon.colcon_core.package_identification:Package '.' with type 'ros.ament_python' and name 'flyer'
[0.129s] Level 1:colcon.colcon_core.package_discovery:discover_packages(recursive) using defaults
[0.129s] Level 1:colcon.colcon_core.package_discovery:discover_packages(ignore) discover
[0.129s] Level 1:colcon.colcon_core.package_discovery:discover_packages(ignore) using defaults
[0.130s] Level 1:colcon.colcon_core.package_discovery:discover_packages(path) discover
[0.130s] Level 1:colcon.colcon_core.package_discovery:discover_packages(path) using defaults
[0.142s] Level 5:colcon.colcon_core.verb:set package 'flyer' build argument 'cmake_args' from command line to 'None'
[0.142s] Level 5:colcon.colcon_core.verb:set package 'flyer' build argument 'cmake_target' from command line to 'None'
[0.142s] Level 5:colcon.colcon_core.verb:set package 'flyer' build argument 'cmake_target_skip_unavailable' from command line to 'False'
[0.142s] Level 5:colcon.colcon_core.verb:set package 'flyer' build argument 'cmake_clean_cache' from command line to 'False'
[0.142s] Level 5:colcon.colcon_core.verb:set package 'flyer' build argument 'cmake_clean_first' from command line to 'False'
[0.142s] Level 5:colcon.colcon_core.verb:set package 'flyer' build argument 'cmake_force_configure' from command line to 'False'
[0.142s] Level 5:colcon.colcon_core.verb:set package 'flyer' build argument 'ament_cmake_args' from command line to 'None'
[0.142s] Level 5:colcon.colcon_core.verb:set package 'flyer' build argument 'catkin_cmake_args' from command line to 'None'
[0.142s] Level 5:colcon.colcon_core.verb:set package 'flyer' build argument 'catkin_skip_building_tests' from command line to 'False'
[0.142s] DEBUG:colcon.colcon_core.verb:Building package 'flyer' with the following arguments: {'ament_cmake_args': None, 'build_base': '/home/dtc/ws/ros2tak/build/flyer', 'catkin_cmake_args': None, 'catkin_skip_building_tests': False, 'cmake_args': None, 'cmake_clean_cache': False, 'cmake_clean_first': False, 'cmake_force_configure': False, 'cmake_target': None, 'cmake_target_skip_unavailable': False, 'install_base': '/home/dtc/ws/ros2tak/install/flyer', 'merge_install': False, 'path': '/home/dtc/ws/ros2tak', 'symlink_install': False, 'test_result_base': None}
[0.142s] INFO:colcon.colcon_core.executor:Executing jobs using 'parallel' executor
[0.143s] DEBUG:colcon.colcon_parallel_executor.executor.parallel:run_until_complete
[0.143s] INFO:colcon.colcon_ros.task.ament_python.build:Building ROS package in '/home/dtc/ws/ros2tak' with build type 'ament_python'
[0.143s] Level 1:colcon.colcon_core.shell:create_environment_hook('flyer', 'ament_prefix_path')
[0.145s] INFO:colcon.colcon_core.plugin_system:Skipping extension 'colcon_core.shell.bat': Not used on non-Windows systems
[0.145s] INFO:colcon.colcon_core.shell:Creating environment hook '/home/dtc/ws/ros2tak/install/flyer/share/flyer/hook/ament_prefix_path.ps1'
[0.146s] INFO:colcon.colcon_core.shell:Creating environment descriptor '/home/dtc/ws/ros2tak/install/flyer/share/flyer/hook/ament_prefix_path.dsv'
[0.146s] INFO:colcon.colcon_core.shell:Creating environment hook '/home/dtc/ws/ros2tak/install/flyer/share/flyer/hook/ament_prefix_path.sh'
[0.146s] INFO:colcon.colcon_core.shell:Skip shell extension 'powershell' for command environment: Not usable outside of PowerShell
[0.146s] DEBUG:colcon.colcon_core.shell:Skip shell extension 'dsv' for command environment
[0.309s] WARNING:colcon.colcon_ros.task.ament_python.build:Package 'flyer' doesn't explicitly install a marker in the package index (colcon-ros currently does it implicitly but that fallback will be removed in the future)
[0.309s] WARNING:colcon.colcon_ros.task.ament_python.build:Package 'flyer' doesn't explicitly install the 'package.xml' file (colcon-ros currently does it implicitly but that fallback will be removed in the future)
[0.309s] INFO:colcon.colcon_core.task.python.build:Building Python package in '/home/dtc/ws/ros2tak'
[0.309s] INFO:colcon.colcon_core.shell:Skip shell extension 'powershell' for command environment: Not usable outside of PowerShell
[0.309s] DEBUG:colcon.colcon_core.shell:Skip shell extension 'dsv' for command environment
[0.729s] DEBUG:colcon.colcon_core.event_handler.log_command:Invoking command in '/home/dtc/ws/ros2tak': PYTHONPATH=/home/dtc/ws/ros2tak/build/flyer/prefix_override:/usr/lib/python3/dist-packages/colcon_core/task/python/colcon_distutils_commands:/home/dtc/ws/ros2tak/install/flyer/lib/python3.12/site-packages:${PYTHONPATH} /usr/bin/python3 -W ignore:setup.py install is deprecated -W ignore:easy_install command is deprecated setup.py egg_info --egg-base build/flyer build --build-base /home/dtc/ws/ros2tak/build/flyer/build install --record /home/dtc/ws/ros2tak/build/flyer/install.log --single-version-externally-managed install_data
[1.116s] DEBUG:colcon.colcon_core.event_handler.log_command:Invoked command in '/home/dtc/ws/ros2tak' returned '0': PYTHONPATH=/home/dtc/ws/ros2tak/build/flyer/prefix_override:/usr/lib/python3/dist-packages/colcon_core/task/python/colcon_distutils_commands:/home/dtc/ws/ros2tak/install/flyer/lib/python3.12/site-packages:${PYTHONPATH} /usr/bin/python3 -W ignore:setup.py install is deprecated -W ignore:easy_install command is deprecated setup.py egg_info --egg-base build/flyer build --build-base /home/dtc/ws/ros2tak/build/flyer/build install --record /home/dtc/ws/ros2tak/build/flyer/install.log --single-version-externally-managed install_data
[1.117s] Level 1:colcon.colcon_core.environment:checking '/home/dtc/ws/ros2tak/install/flyer' for CMake module files
[1.118s] Level 1:colcon.colcon_core.environment:checking '/home/dtc/ws/ros2tak/install/flyer' for CMake config files
[1.118s] Level 1:colcon.colcon_core.environment:checking '/home/dtc/ws/ros2tak/install/flyer/lib'
[1.118s] Level 1:colcon.colcon_core.environment:checking '/home/dtc/ws/ros2tak/install/flyer/bin'
[1.119s] Level 1:colcon.colcon_core.environment:checking '/home/dtc/ws/ros2tak/install/flyer/lib/pkgconfig/flyer.pc'
[1.119s] Level 1:colcon.colcon_core.environment:checking '/home/dtc/ws/ros2tak/install/flyer/lib/python3.12/site-packages'
[1.119s] Level 1:colcon.colcon_core.shell:create_environment_hook('flyer', 'pythonpath')
[1.119s] INFO:colcon.colcon_core.shell:Creating environment hook '/home/dtc/ws/ros2tak/install/flyer/share/flyer/hook/pythonpath.ps1'
[1.119s] INFO:colcon.colcon_core.shell:Creating environment descriptor '/home/dtc/ws/ros2tak/install/flyer/share/flyer/hook/pythonpath.dsv'
[1.119s] INFO:colcon.colcon_core.shell:Creating environment hook '/home/dtc/ws/ros2tak/install/flyer/share/flyer/hook/pythonpath.sh'
[1.120s] Level 1:colcon.colcon_core.environment:checking '/home/dtc/ws/ros2tak/install/flyer/bin'
[1.120s] Level 1:colcon.colcon_core.environment:create_environment_scripts_only(flyer)
[1.120s] INFO:colcon.colcon_core.shell:Creating package script '/home/dtc/ws/ros2tak/install/flyer/share/flyer/package.ps1'
[1.121s] INFO:colcon.colcon_core.shell:Creating package descriptor '/home/dtc/ws/ros2tak/install/flyer/share/flyer/package.dsv'
[1.121s] INFO:colcon.colcon_core.shell:Creating package script '/home/dtc/ws/ros2tak/install/flyer/share/flyer/package.sh'
[1.121s] INFO:colcon.colcon_core.shell:Creating package script '/home/dtc/ws/ros2tak/install/flyer/share/flyer/package.bash'
[1.122s] INFO:colcon.colcon_core.shell:Creating package script '/home/dtc/ws/ros2tak/install/flyer/share/flyer/package.zsh'
[1.122s] Level 1:colcon.colcon_core.environment:create_file_with_runtime_dependencies(/home/dtc/ws/ros2tak/install/flyer/share/colcon-core/packages/flyer)
[1.122s] DEBUG:colcon.colcon_parallel_executor.executor.parallel:closing loop
[1.123s] DEBUG:colcon.colcon_parallel_executor.executor.parallel:loop closed
[1.123s] DEBUG:colcon.colcon_parallel_executor.executor.parallel:run_until_complete finished with '0'
[1.123s] DEBUG:colcon.colcon_core.event_reactor:joining thread
[1.128s] INFO:colcon.colcon_core.plugin_system:Skipping extension 'colcon_notification.desktop_notification.notify_send': Could not find 'notify-send'
[1.128s] INFO:colcon.colcon_core.plugin_system:Skipping extension 'colcon_notification.desktop_notification.terminal_notifier': Not used on non-Darwin systems
[1.128s] INFO:colcon.colcon_core.plugin_system:Skipping extension 'colcon_notification.desktop_notification.win32': Not used on non-Windows systems
[1.128s] INFO:colcon.colcon_notification.desktop_notification:Sending desktop notification using 'notify2'
[1.131s] DEBUG:colcon.colcon_notification.desktop_notification.notify2:Failed to initialize notify2: org.freedesktop.DBus.Error.Spawn.ExecFailed: /usr/bin/dbus-launch terminated abnormally without any error message
[1.131s] DEBUG:colcon.colcon_core.event_reactor:joined thread
[1.131s] INFO:colcon.colcon_core.shell:Creating prefix script '/home/dtc/ws/ros2tak/install/local_setup.ps1'
[1.132s] INFO:colcon.colcon_core.shell:Creating prefix util module '/home/dtc/ws/ros2tak/install/_local_setup_util_ps1.py'
[1.133s] INFO:colcon.colcon_core.shell:Creating prefix chain script '/home/dtc/ws/ros2tak/install/setup.ps1'
[1.134s] INFO:colcon.colcon_core.shell:Creating prefix script '/home/dtc/ws/ros2tak/install/local_setup.sh'
[1.134s] INFO:colcon.colcon_core.shell:Creating prefix util module '/home/dtc/ws/ros2tak/install/_local_setup_util_sh.py'
[1.135s] INFO:colcon.colcon_core.shell:Creating prefix chain script '/home/dtc/ws/ros2tak/install/setup.sh'
[1.135s] INFO:colcon.colcon_core.shell:Creating prefix script '/home/dtc/ws/ros2tak/install/local_setup.bash'
[1.136s] INFO:colcon.colcon_core.shell:Creating prefix chain script '/home/dtc/ws/ros2tak/install/setup.bash'
[1.136s] INFO:colcon.colcon_core.shell:Creating prefix script '/home/dtc/ws/ros2tak/install/local_setup.zsh'
[1.137s] INFO:colcon.colcon_core.shell:Creating prefix chain script '/home/dtc/ws/ros2tak/install/setup.zsh'
