[0.604s] Invoking command in '/home/dtc/ws/ros2tak': PYTHONPATH=/home/dtc/ws/ros2tak/build/rostak/prefix_override:/usr/lib/python3/dist-packages/colcon_core/task/python/colcon_distutils_commands:/home/dtc/ws/ros2tak/install/rostak/lib/python3.12/site-packages:${PYTHONPATH} /usr/bin/python3 -W ignore:setup.py install is deprecated -W ignore:easy_install command is deprecated setup.py egg_info --egg-base build/rostak build --build-base /home/dtc/ws/ros2tak/build/rostak/build install --record /home/dtc/ws/ros2tak/build/rostak/install.log --single-version-externally-managed install_data
[0.804s] running egg_info
[0.805s] creating build/rostak/rostak.egg-info
[0.818s] writing build/rostak/rostak.egg-info/PKG-INFO
[0.818s] writing dependency_links to build/rostak/rostak.egg-info/dependency_links.txt
[0.818s] writing requirements to build/rostak/rostak.egg-info/requires.txt
[0.818s] writing top-level names to build/rostak/rostak.egg-info/top_level.txt
[0.818s] writing manifest file 'build/rostak/rostak.egg-info/SOURCES.txt'
[0.832s] reading manifest file 'build/rostak/rostak.egg-info/SOURCES.txt'
[0.832s] writing manifest file 'build/rostak/rostak.egg-info/SOURCES.txt'
[0.833s] running build
[0.833s] running install
[0.837s] running install_data
[0.837s] creating /home/dtc/ws/ros2tak/install/rostak/share/ament_index
[0.838s] creating /home/dtc/ws/ros2tak/install/rostak/share/ament_index/resource_index
[0.838s] creating /home/dtc/ws/ros2tak/install/rostak/share/ament_index/resource_index/packages
[0.838s] copying resource/rostak -> /home/dtc/ws/ros2tak/install/rostak/share/ament_index/resource_index/packages
[0.838s] copying package.xml -> /home/dtc/ws/ros2tak/install/rostak/share/rostak
[0.838s] creating /home/dtc/ws/ros2tak/install/rostak/share/rostak/launch
[0.838s] copying launch/rostak.launch.py -> /home/dtc/ws/ros2tak/install/rostak/share/rostak/launch
[0.838s] creating /home/dtc/ws/ros2tak/install/rostak/share/rostak/config
[0.838s] copying config/tak.yaml -> /home/dtc/ws/ros2tak/install/rostak/share/rostak/config
[0.838s] copying config/cot.yaml -> /home/dtc/ws/ros2tak/install/rostak/share/rostak/config
[0.838s] running install_egg_info
[0.866s] Copying build/rostak/rostak.egg-info to /home/dtc/ws/ros2tak/install/rostak/lib/python3.12/site-packages/rostak-0.0.1-py3.12.egg-info
[0.867s] running install_scripts
[0.966s] writing list of installed files to '/home/dtc/ws/ros2tak/build/rostak/install.log'
[0.988s] Invoked command in '/home/dtc/ws/ros2tak' returned '0': PYTHONPATH=/home/dtc/ws/ros2tak/build/rostak/prefix_override:/usr/lib/python3/dist-packages/colcon_core/task/python/colcon_distutils_commands:/home/dtc/ws/ros2tak/install/rostak/lib/python3.12/site-packages:${PYTHONPATH} /usr/bin/python3 -W ignore:setup.py install is deprecated -W ignore:easy_install command is deprecated setup.py egg_info --egg-base build/rostak build --build-base /home/dtc/ws/ros2tak/build/rostak/build install --record /home/dtc/ws/ros2tak/build/rostak/install.log --single-version-externally-managed install_data
