[0.586s] Invoking command in '/home/dtc/ws/ros2tak': PYTHONPATH=/home/dtc/ws/ros2tak/build/flyer/prefix_override:/usr/lib/python3/dist-packages/colcon_core/task/python/colcon_distutils_commands:/home/dtc/ws/ros2tak/install/flyer/lib/python3.12/site-packages:${PYTHONPATH} /usr/bin/python3 -W ignore:setup.py install is deprecated -W ignore:easy_install command is deprecated setup.py egg_info --egg-base build/flyer build --build-base /home/dtc/ws/ros2tak/build/flyer/build install --record /home/dtc/ws/ros2tak/build/flyer/install.log --single-version-externally-managed install_data
[0.778s] running egg_info
[0.778s] creating build/flyer/rostak.egg-info
[0.791s] writing build/flyer/rostak.egg-info/PKG-INFO
[0.791s] writing dependency_links to build/flyer/rostak.egg-info/dependency_links.txt
[0.791s] writing requirements to build/flyer/rostak.egg-info/requires.txt
[0.792s] writing top-level names to build/flyer/rostak.egg-info/top_level.txt
[0.792s] writing manifest file 'build/flyer/rostak.egg-info/SOURCES.txt'
[0.805s] reading manifest file 'build/flyer/rostak.egg-info/SOURCES.txt'
[0.805s] writing manifest file 'build/flyer/rostak.egg-info/SOURCES.txt'
[0.805s] running build
[0.805s] running install
[0.810s] running install_data
[0.810s] copying resource/rostak -> /home/dtc/ws/ros2tak/install/flyer/share/ament_index/resource_index/packages
[0.810s] creating /home/dtc/ws/ros2tak/install/flyer/share/rostak
[0.810s] copying package.xml -> /home/dtc/ws/ros2tak/install/flyer/share/rostak
[0.810s] creating /home/dtc/ws/ros2tak/install/flyer/share/rostak/launch
[0.811s] copying launch/rostak.launch.py -> /home/dtc/ws/ros2tak/install/flyer/share/rostak/launch
[0.811s] creating /home/dtc/ws/ros2tak/install/flyer/share/rostak/config
[0.811s] copying config/tak.yaml -> /home/dtc/ws/ros2tak/install/flyer/share/rostak/config
[0.811s] copying config/cot.yaml -> /home/dtc/ws/ros2tak/install/flyer/share/rostak/config
[0.811s] running install_egg_info
[0.840s] Copying build/flyer/rostak.egg-info to /home/dtc/ws/ros2tak/install/flyer/lib/python3.12/site-packages/rostak-0.0.1-py3.12.egg-info
[0.841s] running install_scripts
[0.945s] writing list of installed files to '/home/dtc/ws/ros2tak/build/flyer/install.log'
[0.972s] Invoked command in '/home/dtc/ws/ros2tak' returned '0': PYTHONPATH=/home/dtc/ws/ros2tak/build/flyer/prefix_override:/usr/lib/python3/dist-packages/colcon_core/task/python/colcon_distutils_commands:/home/dtc/ws/ros2tak/install/flyer/lib/python3.12/site-packages:${PYTHONPATH} /usr/bin/python3 -W ignore:setup.py install is deprecated -W ignore:easy_install command is deprecated setup.py egg_info --egg-base build/flyer build --build-base /home/dtc/ws/ros2tak/build/flyer/build install --record /home/dtc/ws/ros2tak/build/flyer/install.log --single-version-externally-managed install_data
