[0.600s] Invoking command in '/home/dtc/ws/ros2tak': PYTHONPATH=/home/dtc/ws/ros2tak/build/rostak/prefix_override:/usr/lib/python3/dist-packages/colcon_core/task/python/colcon_distutils_commands:/home/dtc/ws/ros2tak/install/rostak/lib/python3.12/site-packages:${PYTHONPATH} /usr/bin/python3 -W ignore:setup.py install is deprecated -W ignore:easy_install command is deprecated setup.py egg_info --egg-base build/rostak build --build-base /home/dtc/ws/ros2tak/build/rostak/build install --record /home/dtc/ws/ros2tak/build/rostak/install.log --single-version-externally-managed install_data
[0.796s] running egg_info
[0.796s] creating build/rostak/rostak.egg-info
[0.810s] writing build/rostak/rostak.egg-info/PKG-INFO
[0.810s] writing dependency_links to build/rostak/rostak.egg-info/dependency_links.txt
[0.810s] writing requirements to build/rostak/rostak.egg-info/requires.txt
[0.810s] writing top-level names to build/rostak/rostak.egg-info/top_level.txt
[0.810s] writing manifest file 'build/rostak/rostak.egg-info/SOURCES.txt'
[0.825s] reading manifest file 'build/rostak/rostak.egg-info/SOURCES.txt'
[0.826s] writing manifest file 'build/rostak/rostak.egg-info/SOURCES.txt'
[0.826s] running build
[0.826s] running install
[0.831s] running install_data
[0.831s] creating /home/dtc/ws/ros2tak/install/rostak/share/ament_index
[0.831s] creating /home/dtc/ws/ros2tak/install/rostak/share/ament_index/resource_index
[0.831s] creating /home/dtc/ws/ros2tak/install/rostak/share/ament_index/resource_index/packages
[0.832s] copying resource/rostak -> /home/dtc/ws/ros2tak/install/rostak/share/ament_index/resource_index/packages
[0.832s] copying package.xml -> /home/dtc/ws/ros2tak/install/rostak/share/rostak
[0.832s] creating /home/dtc/ws/ros2tak/install/rostak/share/rostak/launch
[0.832s] copying launch/rostak.launch.py -> /home/dtc/ws/ros2tak/install/rostak/share/rostak/launch
[0.832s] creating /home/dtc/ws/ros2tak/install/rostak/share/rostak/config
[0.832s] copying config/tak.yaml -> /home/dtc/ws/ros2tak/install/rostak/share/rostak/config
[0.832s] copying config/cot.yaml -> /home/dtc/ws/ros2tak/install/rostak/share/rostak/config
[0.832s] running install_egg_info
[0.861s] Copying build/rostak/rostak.egg-info to /home/dtc/ws/ros2tak/install/rostak/lib/python3.12/site-packages/rostak-0.0.1-py3.12.egg-info
[0.861s] running install_scripts
[0.962s] writing list of installed files to '/home/dtc/ws/ros2tak/build/rostak/install.log'
[0.981s] Invoked command in '/home/dtc/ws/ros2tak' returned '0': PYTHONPATH=/home/dtc/ws/ros2tak/build/rostak/prefix_override:/usr/lib/python3/dist-packages/colcon_core/task/python/colcon_distutils_commands:/home/dtc/ws/ros2tak/install/rostak/lib/python3.12/site-packages:${PYTHONPATH} /usr/bin/python3 -W ignore:setup.py install is deprecated -W ignore:easy_install command is deprecated setup.py egg_info --egg-base build/rostak build --build-base /home/dtc/ws/ros2tak/build/rostak/build install --record /home/dtc/ws/ros2tak/build/rostak/install.log --single-version-externally-managed install_data
